127.0.0.1 - - [29/Apr/2020:11:49:37 +0700] "GET / HTTP/1.1" 404 709
0:0:0:0:0:0:0:1 - - [29/Apr/2020:11:49:55 +0700] "GET /lesson04-post-parameters/index.php HTTP/1.1" 200 390
0:0:0:0:0:0:0:1 - - [29/Apr/2020:11:50:08 +0700] "GET /lesson04-post-parameters/post?txtFullName=hyjohn&txtSalary=120000 HTTP/1.1" 404 742
0:0:0:0:0:0:0:1 - - [29/Apr/2020:11:50:36 +0700] "GET /lesson04-post-parameters/index.php HTTP/1.1" 200 390
0:0:0:0:0:0:0:1 - - [29/Apr/2020:11:50:36 +0700] "GET /lesson04-post-parameters/index.php HTTP/1.1" 200 390
0:0:0:0:0:0:0:1 - - [29/Apr/2020:11:50:46 +0700] "POST /lesson04-post-parameters/index.php HTTP/1.1" 404 746
0:0:0:0:0:0:0:1 - - [29/Apr/2020:11:52:22 +0700] "GET /lesson04-post-parameters/index.php HTTP/1.1" 200 390
0:0:0:0:0:0:0:1 - - [29/Apr/2020:11:52:30 +0700] "POST /lesson04-post-parameters/index.php HTTP/1.1" 500 1325
0:0:0:0:0:0:0:1 - - [29/Apr/2020:11:52:42 +0700] "GET /lesson04-post-parameters/index.php HTTP/1.1" 200 390
0:0:0:0:0:0:0:1 - - [29/Apr/2020:11:52:49 +0700] "POST /lesson04-post-parameters/index.php HTTP/1.1" 404 746
127.0.0.1 - - [29/Apr/2020:11:55:03 +0700] "GET / HTTP/1.1" 404 709
0:0:0:0:0:0:0:1 - - [29/Apr/2020:11:55:11 +0700] "GET /lesson04-post-parameters/index.php HTTP/1.1" 200 390
0:0:0:0:0:0:0:1 - - [29/Apr/2020:11:55:21 +0700] "POST /lesson04-post-parameters/index.php HTTP/1.1" 200 206
127.0.0.1 - - [29/Apr/2020:14:35:20 +0700] "GET / HTTP/1.1" 404 709
0:0:0:0:0:0:0:1 - - [29/Apr/2020:14:50:09 +0700] "GET /lession05-practice/index.html HTTP/1.1" 404 742
0:0:0:0:0:0:0:1 - - [29/Apr/2020:14:50:13 +0700] "GET /lession05-practice/index.html HTTP/1.1" 404 742
127.0.0.1 - - [29/Apr/2020:14:50:21 +0700] "GET / HTTP/1.1" 404 709
0:0:0:0:0:0:0:1 - - [29/Apr/2020:14:50:44 +0700] "GET /lession05-practice/index.html HTTP/1.1" 500 1202
0:0:0:0:0:0:0:1 - - [29/Apr/2020:14:51:23 +0700] "GET /lession05-practice/index.jsp HTTP/1.1" 200 397
0:0:0:0:0:0:0:1 - - [29/Apr/2020:14:51:27 +0700] "GET /lession05-practice/index.html?txtA=2&txtB=3&btnHandle=add HTTP/1.1" 200 213
0:0:0:0:0:0:0:1 - - [29/Apr/2020:14:51:31 +0700] "GET /lession05-practice/index.html?txtA=2&txtB=3&btnHandle=sub HTTP/1.1" 200 214
0:0:0:0:0:0:0:1 - - [29/Apr/2020:15:06:00 +0700] "GET /lession-practice-post/index.jsp HTTP/1.1" 404 744
127.0.0.1 - - [29/Apr/2020:15:06:14 +0700] "GET / HTTP/1.1" 404 709
0:0:0:0:0:0:0:1 - - [29/Apr/2020:15:06:45 +0700] "GET /lession-practice-post/index.jsp HTTP/1.1" 200 511
0:0:0:0:0:0:0:1 - - [29/Apr/2020:15:06:53 +0700] "POST /lession-practice-post/index.html HTTP/1.1" 200 517
0:0:0:0:0:0:0:1 - - [29/Apr/2020:15:06:56 +0700] "POST /lession-practice-post/index.html HTTP/1.1" 200 517
0:0:0:0:0:0:0:1 - - [29/Apr/2020:15:11:47 +0700] "GET /lession03-jsp-servlet/ HTTP/1.1" 404 735
0:0:0:0:0:0:0:1 - - [29/Apr/2020:15:12:17 +0700] "GET /lession03-jsp-servlet/index.jsp HTTP/1.1" 404 744
127.0.0.1 - - [29/Apr/2020:15:12:30 +0700] "GET / HTTP/1.1" 404 709
0:0:0:0:0:0:0:1 - - [29/Apr/2020:15:12:44 +0700] "GET /lession03-jsp-servlet/index.jsp HTTP/1.1" 200 391
0:0:0:0:0:0:0:1 - - [29/Apr/2020:15:13:04 +0700] "GET /lession03-jsp-servlet/index.html?name=huy&age=18 HTTP/1.1" 404 745
0:0:0:0:0:0:0:1 - - [29/Apr/2020:15:14:30 +0700] "GET /lession03-jsp-servlet/WEB-INF/classes/com/huyhue/controller/IndexServlet.java HTTP/1.1" 404 682
0:0:0:0:0:0:0:1 - - [29/Apr/2020:15:14:41 +0700] "GET /lession03-jsp-servlet/index.jsp HTTP/1.1" 200 391
0:0:0:0:0:0:0:1 - - [29/Apr/2020:15:14:47 +0700] "GET /lession03-jsp-servlet/index.html?name=huy&age=18 HTTP/1.1" 404 745
0:0:0:0:0:0:0:1 - - [29/Apr/2020:15:19:04 +0700] "GET /lession02-servlet/message.jsp HTTP/1.1" 404 742
127.0.0.1 - - [29/Apr/2020:15:19:11 +0700] "GET / HTTP/1.1" 404 709
0:0:0:0:0:0:0:1 - - [29/Apr/2020:15:19:25 +0700] "GET /lession02-servlet/message.jsp HTTP/1.1" 200 363
0:0:0:0:0:0:0:1 - - [29/Apr/2020:15:19:28 +0700] "GET /lession02-servlet/message.html HTTP/1.1" 404 743
0:0:0:0:0:0:0:1 - - [29/Apr/2020:15:19:50 +0700] "GET /lession02-servlet/message.jsp HTTP/1.1" 200 363
